// Jest Snapshot v1, https://goo.gl/fbAQLP

exports[`Matches previous snapshot 1`] = `
Array [
  <div
    className="page-background__common page-background__color"
  />,
  <div
    className="page-background__common page-background__image"
  />,
]
`;
