// Jest Snapshot v1, https://goo.gl/fbAQLP

exports[`Matches previous snapshot 1`] = `
<p
  className="welcome-button undefined"
/>
`;
